2015-07-02 13:14:00,585 [main] ERROR com.xuggle.ferry.JNILibraryLoader - Could not load library: xuggle-xuggler; version: 3; Visit http://www.xuggle.com/xuggler/faq/ to find common solutions to this problem
2015-07-02 13:16:15,603 [main] ERROR com.xuggle.ferry.JNILibraryLoader - Could not load library: xuggle-xuggler; version: 3; Visit http://www.xuggle.com/xuggler/faq/ to find common solutions to this problem
2015-07-02 14:02:24,969 [main] ERROR com.xuggle.ferry.JNILibraryLoader - Could not load library: xuggle-xuggler; version: 3; Visit http://www.xuggle.com/xuggler/faq/ to find common solutions to this problem
2015-07-02 14:08:19,359 [main] ERROR com.xuggle.ferry.JNILibraryLoader - Could not load library: xuggle-xuggler; version: 3; Visit http://www.xuggle.com/xuggler/faq/ to find common solutions to this problem
2015-07-02 14:19:10,606 [main] WARN  com.xuggle.ferry.JNILibraryLoader - Failure: library load of library: xuggle-xuggler; version: 3: absolute path: C:\Program Files (x86)\Tracker\Xuggle\bin\libxuggle-xuggler-3.dll; error: java.lang.UnsatisfiedLinkError: C:\Program Files (x86)\Tracker\Xuggle\bin\libxuggle-xuggler-3.dll: Can't load IA 32-bit .dll on a AMD 64-bit platform
2015-07-02 14:19:10,638 [main] WARN  com.xuggle.ferry.JNILibraryLoader - Failure: library load of library: xuggle-xuggler; version: 3: absolute path: C:\Program Files (x86)\Tracker\Xuggle\bin\libxuggle-xuggler-3.dll; error: java.lang.UnsatisfiedLinkError: C:\Program Files (x86)\Tracker\Xuggle\bin\libxuggle-xuggler-3.dll: Can't load IA 32-bit .dll on a AMD 64-bit platform
2015-07-02 14:19:10,653 [main] ERROR com.xuggle.ferry.JNILibraryLoader - Could not load library: xuggle-xuggler; version: 3; Visit http://www.xuggle.com/xuggler/faq/ to find common solutions to this problem
